<?xml version="1.0" encoding="UTF-8"?>
<config xmlns="http://www.knime.org/2008/09/XMLConfig" xmlns:xsi="http://www.w3.org/2001/XMLSchema-instance" xsi:schemaLocation="http://www.knime.org/2008/09/XMLConfig http://www.knime.org/XMLConfig_2008_09.xsd" key="test">
    <entry key="input_query_column" type="xstring" isnull="true" value=""/>
    <entry key="input_reference_column" type="xstring" isnull="true" value=""/>
    <entry key="new_aligned_column_name" type="xstring" isnull="true" value=""/>
    <entry key="remove_source_columns" type="xboolean" value="false"/>
    <entry key="new_refid_column_name" type="xstring" isnull="true" value=""/>
    <entry key="new_rmsd_column_name" type="xstring" isnull="true" value=""/>
    <entry key="new_score_column_name" type="xstring" isnull="true" value=""/>
    <entry key="allowReflection" type="xboolean" value="false"/>
    <entry key="maxIterations" type="xint" value="50"/>
    <entry key="accuracy" type="xint" value="0"/>
</config>
