<?xml version="1.0" encoding="UTF-8"?>
<config xmlns="http://www.knime.org/2008/09/XMLConfig" xmlns:xsi="http://www.w3.org/2001/XMLSchema-instance" xsi:schemaLocation="http://www.knime.org/2008/09/XMLConfig http://www.knime.org/XMLConfig_2008_09.xsd" key="test">
    <entry key="input_column" type="xstring" isnull="true" value=""/>
    <entry key="remove_source_columns" type="xboolean" value="false"/>
    <entry key="new_inchi_code_column_name" type="xstring" isnull="true" value=""/>
    <entry key="generate_inchi_keys" type="xboolean" value="false"/>
    <entry key="new_inchi_key_column_name" type="xstring" isnull="true" value=""/>
    <entry key="new_extra_info_column_name_prefix" type="xstring" isnull="true" value=""/>
    <entry key="generate_return_code" type="xboolean" value="false"/>
    <entry key="generate_aux_info" type="xboolean" value="false"/>
    <entry key="generate_message" type="xboolean" value="false"/>
    <entry key="generate_log" type="xboolean" value="false"/>
    <entry key="advanced_opions" type="xstring" value=""/>
</config>
