<?xml version="1.0" encoding="UTF-8"?>
<config xmlns="http://www.knime.org/2008/09/XMLConfig" xmlns:xsi="http://www.w3.org/2001/XMLSchema-instance" xsi:schemaLocation="http://www.knime.org/2008/09/XMLConfig http://www.knime.org/XMLConfig_2008_09.xsd" key="test">
    <entry key="input_column" type="xstring" value="Molecule"/>
    <entry key="definitionFileSwitch" type="xstring" value="FILE_SELECTION"/>
    <config key="group_definition_file">
        <config key="path">
            <entry key="location_present" type="xboolean" value="true"/>
            <entry key="file_system_type" type="xstring" value="LOCAL"/>
            <entry key="path" type="xstring" value="/home/magnus/Downloads/test.txt"/>
        </config>
        <config key="filter_mode">
            <entry key="filter_mode" type="xstring" value="FILE"/>
            <entry key="include_subfolders" type="xboolean" value="false"/>
            <config key="filter_options">
                <entry key="filter_files_extension" type="xboolean" value="false"/>
                <entry key="files_extension_expression" type="xstring" value=""/>
                <entry key="files_extension_case_sensitive" type="xboolean" value="false"/>
                <entry key="filter_files_name" type="xboolean" value="false"/>
                <entry key="files_name_expression" type="xstring" value="*"/>
                <entry key="files_name_case_sensitive" type="xboolean" value="false"/>
                <entry key="files_name_filter_type" type="xstring" value="WILDCARD"/>
                <entry key="include_hidden_files" type="xboolean" value="false"/>
                <entry key="include_special_files" type="xboolean" value="true"/>
                <entry key="filter_folders_name" type="xboolean" value="false"/>
                <entry key="folders_name_expression" type="xstring" value="*"/>
                <entry key="folders_name_case_sensitive" type="xboolean" value="false"/>
                <entry key="folders_name_filter_type" type="xstring" value="WILDCARD"/>
                <entry key="include_hidden_folders" type="xboolean" value="false"/>
                <entry key="follow_links" type="xboolean" value="true"/>
            </config>
        </config>
        <config key="file_system_chooser__Internals">
            <entry key="has_fs_port" type="xboolean" value="false"/>
            <entry key="overwritten_by_variable" type="xboolean" value="false"/>
            <entry key="convenience_fs_category" type="xstring" value="RELATIVE"/>
            <entry key="relative_to" type="xstring" value="knime.workflow"/>
            <entry key="mountpoint" type="xstring" value="LOCAL"/>
            <entry key="spaceId" type="xstring" value=""/>
            <entry key="spaceName" type="xstring" value=""/>
            <entry key="custom_url_timeout" type="xint" value="1000"/>
            <entry key="connected_fs" type="xboolean" value="true"/>
        </config>
    </config>
    <entry key="record_pattern" type="xboolean" value="true"/>
    <entry key="failed_pattern_column_name" type="xstring" value="wr6jw4"/>
    <config key="conditions">
        <entry key="count" type="xint" value="44"/>
        <entry key="name_0" type="xstring" value="AcidChloride"/>
        <entry key="select_0" type="xboolean" value="true"/>
        <entry key="qualifier_0" type="xstring" value="Exactly"/>
        <entry key="count_0" type="xint" value="0"/>
        <entry key="name_1" type="xstring" value="AcidChloride.Aromatic"/>
        <entry key="select_1" type="xboolean" value="false"/>
        <entry key="qualifier_1" type="xstring" value="Exactly"/>
        <entry key="count_1" type="xint" value="0"/>
        <entry key="name_2" type="xstring" value="AcidChloride.Aliphatic"/>
        <entry key="select_2" type="xboolean" value="false"/>
        <entry key="qualifier_2" type="xstring" value="Exactly"/>
        <entry key="count_2" type="xint" value="0"/>
        <entry key="name_3" type="xstring" value="CarboxylicAcid"/>
        <entry key="select_3" type="xboolean" value="false"/>
        <entry key="qualifier_3" type="xstring" value="Exactly"/>
        <entry key="count_3" type="xint" value="0"/>
        <entry key="name_4" type="xstring" value="CarboxylicAcid.Aromatic"/>
        <entry key="select_4" type="xboolean" value="true"/>
        <entry key="qualifier_4" type="xstring" value="AtMost"/>
        <entry key="count_4" type="xint" value="3"/>
        <entry key="name_5" type="xstring" value="CarboxylicAcid.Aliphatic"/>
        <entry key="select_5" type="xboolean" value="false"/>
        <entry key="qualifier_5" type="xstring" value="Exactly"/>
        <entry key="count_5" type="xint" value="0"/>
        <entry key="name_6" type="xstring" value="CarboxylicAcid.AlphaAmino"/>
        <entry key="select_6" type="xboolean" value="false"/>
        <entry key="qualifier_6" type="xstring" value="Exactly"/>
        <entry key="count_6" type="xint" value="0"/>
        <entry key="name_7" type="xstring" value="SulfonylChloride"/>
        <entry key="select_7" type="xboolean" value="false"/>
        <entry key="qualifier_7" type="xstring" value="Exactly"/>
        <entry key="count_7" type="xint" value="0"/>
        <entry key="name_8" type="xstring" value="SulfonylChloride.Aromatic"/>
        <entry key="select_8" type="xboolean" value="false"/>
        <entry key="qualifier_8" type="xstring" value="Exactly"/>
        <entry key="count_8" type="xint" value="0"/>
        <entry key="name_9" type="xstring" value="SulfonylChloride.Aliphatic"/>
        <entry key="select_9" type="xboolean" value="false"/>
        <entry key="qualifier_9" type="xstring" value="Exactly"/>
        <entry key="count_9" type="xint" value="0"/>
        <entry key="name_10" type="xstring" value="Amine"/>
        <entry key="select_10" type="xboolean" value="false"/>
        <entry key="qualifier_10" type="xstring" value="Exactly"/>
        <entry key="count_10" type="xint" value="0"/>
        <entry key="name_11" type="xstring" value="Amine.Primary"/>
        <entry key="select_11" type="xboolean" value="true"/>
        <entry key="qualifier_11" type="xstring" value="Exactly"/>
        <entry key="count_11" type="xint" value="0"/>
        <entry key="name_12" type="xstring" value="Amine.Primary.Aromatic"/>
        <entry key="select_12" type="xboolean" value="false"/>
        <entry key="qualifier_12" type="xstring" value="Exactly"/>
        <entry key="count_12" type="xint" value="0"/>
        <entry key="name_13" type="xstring" value="Amine.Primary.Aliphatic"/>
        <entry key="select_13" type="xboolean" value="false"/>
        <entry key="qualifier_13" type="xstring" value="Exactly"/>
        <entry key="count_13" type="xint" value="0"/>
        <entry key="name_14" type="xstring" value="Amine.Secondary"/>
        <entry key="select_14" type="xboolean" value="false"/>
        <entry key="qualifier_14" type="xstring" value="Exactly"/>
        <entry key="count_14" type="xint" value="0"/>
        <entry key="name_15" type="xstring" value="Amine.Secondary.Aromatic"/>
        <entry key="select_15" type="xboolean" value="false"/>
        <entry key="qualifier_15" type="xstring" value="Exactly"/>
        <entry key="count_15" type="xint" value="0"/>
        <entry key="name_16" type="xstring" value="Amine.Secondary.Aliphatic"/>
        <entry key="select_16" type="xboolean" value="false"/>
        <entry key="qualifier_16" type="xstring" value="Exactly"/>
        <entry key="count_16" type="xint" value="3"/>
        <entry key="name_17" type="xstring" value="Amine.Aromatic"/>
        <entry key="select_17" type="xboolean" value="false"/>
        <entry key="qualifier_17" type="xstring" value="Exactly"/>
        <entry key="count_17" type="xint" value="0"/>
        <entry key="name_18" type="xstring" value="Amine.Aliphatic"/>
        <entry key="select_18" type="xboolean" value="false"/>
        <entry key="qualifier_18" type="xstring" value="Exactly"/>
        <entry key="count_18" type="xint" value="0"/>
        <entry key="name_19" type="xstring" value="Amine.Cyclic"/>
        <entry key="select_19" type="xboolean" value="false"/>
        <entry key="qualifier_19" type="xstring" value="Exactly"/>
        <entry key="count_19" type="xint" value="0"/>
        <entry key="name_20" type="xstring" value="BoronicAcid"/>
        <entry key="select_20" type="xboolean" value="false"/>
        <entry key="qualifier_20" type="xstring" value="Exactly"/>
        <entry key="count_20" type="xint" value="0"/>
        <entry key="name_21" type="xstring" value="BoronicAcid.Aromatic"/>
        <entry key="select_21" type="xboolean" value="false"/>
        <entry key="qualifier_21" type="xstring" value="LessThan"/>
        <entry key="count_21" type="xint" value="0"/>
        <entry key="name_22" type="xstring" value="BoronicAcid.Aliphatic"/>
        <entry key="select_22" type="xboolean" value="false"/>
        <entry key="qualifier_22" type="xstring" value="Exactly"/>
        <entry key="count_22" type="xint" value="0"/>
        <entry key="name_23" type="xstring" value="Isocyanate"/>
        <entry key="select_23" type="xboolean" value="false"/>
        <entry key="qualifier_23" type="xstring" value="Exactly"/>
        <entry key="count_23" type="xint" value="0"/>
        <entry key="name_24" type="xstring" value="Isocyanate.Aromatic"/>
        <entry key="select_24" type="xboolean" value="false"/>
        <entry key="qualifier_24" type="xstring" value="Exactly"/>
        <entry key="count_24" type="xint" value="0"/>
        <entry key="name_25" type="xstring" value="Isocyanate.Aliphatic"/>
        <entry key="select_25" type="xboolean" value="false"/>
        <entry key="qualifier_25" type="xstring" value="Exactly"/>
        <entry key="count_25" type="xint" value="0"/>
        <entry key="name_26" type="xstring" value="Alcohol"/>
        <entry key="select_26" type="xboolean" value="false"/>
        <entry key="qualifier_26" type="xstring" value="AtMost"/>
        <entry key="count_26" type="xint" value="3"/>
        <entry key="name_27" type="xstring" value="Alcohol.Aromatic"/>
        <entry key="select_27" type="xboolean" value="false"/>
        <entry key="qualifier_27" type="xstring" value="AtMost"/>
        <entry key="count_27" type="xint" value="0"/>
        <entry key="name_28" type="xstring" value="Alcohol.Aliphatic"/>
        <entry key="select_28" type="xboolean" value="true"/>
        <entry key="qualifier_28" type="xstring" value="Exactly"/>
        <entry key="count_28" type="xint" value="0"/>
        <entry key="name_29" type="xstring" value="Aldehyde"/>
        <entry key="select_29" type="xboolean" value="false"/>
        <entry key="qualifier_29" type="xstring" value="Exactly"/>
        <entry key="count_29" type="xint" value="0"/>
        <entry key="name_30" type="xstring" value="Aldehyde.Aromatic"/>
        <entry key="select_30" type="xboolean" value="false"/>
        <entry key="qualifier_30" type="xstring" value="Exactly"/>
        <entry key="count_30" type="xint" value="1"/>
        <entry key="name_31" type="xstring" value="Aldehyde.Aliphatic"/>
        <entry key="select_31" type="xboolean" value="false"/>
        <entry key="qualifier_31" type="xstring" value="Exactly"/>
        <entry key="count_31" type="xint" value="0"/>
        <entry key="name_32" type="xstring" value="Halogen"/>
        <entry key="select_32" type="xboolean" value="false"/>
        <entry key="qualifier_32" type="xstring" value="Exactly"/>
        <entry key="count_32" type="xint" value="0"/>
        <entry key="name_33" type="xstring" value="Halogen.Aromatic"/>
        <entry key="select_33" type="xboolean" value="false"/>
        <entry key="qualifier_33" type="xstring" value="Exactly"/>
        <entry key="count_33" type="xint" value="0"/>
        <entry key="name_34" type="xstring" value="Halogen.Aliphatic"/>
        <entry key="select_34" type="xboolean" value="false"/>
        <entry key="qualifier_34" type="xstring" value="Exactly"/>
        <entry key="count_34" type="xint" value="1"/>
        <entry key="name_35" type="xstring" value="Halogen.NotFluorine"/>
        <entry key="select_35" type="xboolean" value="false"/>
        <entry key="qualifier_35" type="xstring" value="AtMost"/>
        <entry key="count_35" type="xint" value="0"/>
        <entry key="name_36" type="xstring" value="Halogen.NotFluorine.Aliphatic"/>
        <entry key="select_36" type="xboolean" value="false"/>
        <entry key="qualifier_36" type="xstring" value="Exactly"/>
        <entry key="count_36" type="xint" value="0"/>
        <entry key="name_37" type="xstring" value="Halogen.NotFluorine.Aromatic"/>
        <entry key="select_37" type="xboolean" value="false"/>
        <entry key="qualifier_37" type="xstring" value="Exactly"/>
        <entry key="count_37" type="xint" value="0"/>
        <entry key="name_38" type="xstring" value="Halogen.Bromine"/>
        <entry key="select_38" type="xboolean" value="false"/>
        <entry key="qualifier_38" type="xstring" value="Exactly"/>
        <entry key="count_38" type="xint" value="0"/>
        <entry key="name_39" type="xstring" value="Halogen.Bromine.Aliphatic"/>
        <entry key="select_39" type="xboolean" value="false"/>
        <entry key="qualifier_39" type="xstring" value="Exactly"/>
        <entry key="count_39" type="xint" value="0"/>
        <entry key="name_40" type="xstring" value="Halogen.Bromine.Aromatic"/>
        <entry key="select_40" type="xboolean" value="false"/>
        <entry key="qualifier_40" type="xstring" value="Exactly"/>
        <entry key="count_40" type="xint" value="0"/>
        <entry key="name_41" type="xstring" value="Azide"/>
        <entry key="select_41" type="xboolean" value="false"/>
        <entry key="qualifier_41" type="xstring" value="Exactly"/>
        <entry key="count_41" type="xint" value="0"/>
        <entry key="name_42" type="xstring" value="Azide.Aromatic"/>
        <entry key="select_42" type="xboolean" value="false"/>
        <entry key="qualifier_42" type="xstring" value="Exactly"/>
        <entry key="count_42" type="xint" value="0"/>
        <entry key="name_43" type="xstring" value="Azide.Aliphatic"/>
        <entry key="select_43" type="xboolean" value="false"/>
        <entry key="qualifier_43" type="xstring" value="Exactly"/>
        <entry key="count_43" type="xint" value="0"/>
    </config>
</config>
