{
  "data" : {
    "model" : {
      "removeSourceColumns" : false
    }
  },
  "schema" : {
    "type" : "object",
    "properties" : {
      "model" : {
        "type" : "object",
        "properties" : {
          "inputColumn" : {
            "type" : "string",
            "title" : "RDKit mol column",
            "description" : "The input column with RDKit Molecules."
          },
          "newColumnName" : {
            "type" : "string",
            "title" : "New column name",
            "description" : "The name of the new column, which will contain the canonical SMILES."
          },
          "removeSourceColumns" : {
            "type" : "boolean",
            "title" : "Remove source column",
            "description" : "Set to true to remove the specified source column from the result table.",
            "default" : false
          }
        }
      }
    }
  },
  "ui_schema" : {
    "elements" : [ {
      "type" : "Control",
      "scope" : "#/properties/model/properties/inputColumn",
      "options" : {
        "format" : "dropDown"
      },
      "providedOptions" : [ "possibleValues" ]
    }, {
      "type" : "Control",
      "scope" : "#/properties/model/properties/newColumnName"
    }, {
      "type" : "Control",
      "scope" : "#/properties/model/properties/removeSourceColumns",
      "options" : {
        "format" : "checkbox"
      }
    } ]
  },
  "persist" : {
    "type" : "object",
    "properties" : {
      "model" : {
        "type" : "object",
        "properties" : {
          "inputColumn" : {
            "configKey" : "input_column"
          },
          "newColumnName" : {
            "configKey" : "new_column_name"
          },
          "removeSourceColumns" : {
            "configKey" : "remove_source_columns"
          }
        }
      }
    }
  },
  "initialUpdates" : [ {
    "scope" : "#/properties/model/properties/inputColumn",
    "providedOptionName" : "possibleValues",
    "values" : [ {
      "indices" : [ ],
      "value" : [ {
        "id" : "Molecule",
        "text" : "Molecule",
        "type" : {
          "id" : "org.rdkit.knime.types.RDKitMolValue",
          "text" : "RDKit Molecule"
        }
      } ]
    } ]
  } ]
}