<?xml version="1.0" encoding="UTF-8"?>
<config xmlns="http://www.knime.org/2008/09/XMLConfig" xmlns:xsi="http://www.w3.org/2001/XMLSchema-instance" xsi:schemaLocation="http://www.knime.org/2008/09/XMLConfig http://www.knime.org/XMLConfig_2008_09.xsd" key="test">
    <entry key="input_column" type="xstring" isnull="true" value=""/>
    <entry key="inputQueryCol" type="xstring" isnull="true" value=""/>
    <entry key="countUniqueMatches" type="xboolean" value="true"/>
    <entry key="useChirality" type="xboolean" value="false"/>
    <entry key="useEnhancedStereo" type="xboolean" value="false"/>
    <entry key="useQueryNameColumn" type="xboolean" value="false"/>
    <entry key="queryNameColumn" type="xstring" isnull="true" value=""/>
    <entry key="countTotalHits" type="xboolean" value="false"/>
    <entry key="countTotalHitsColumn" type="xstring" isnull="true" value=""/>
    <entry key="trackQueryTags" type="xboolean" value="false"/>
    <entry key="trackQueryTagsColumn" type="xstring" isnull="true" value=""/>
</config>
